// Jest Snapshot v1, https://goo.gl/fbAQLP

exports[`render home text 1`] = `undefined`;
